---   stephanie_pahlavis_welcome
ok    stephanie_pahlavis_welcome
skip  stephanie_pahlavis_start_single
skip  stephanie_pahlavis_start_double
skip  stephanie_pahlavis_handover
---   stephanie_pahlavis_wager
ok    stephanie_pahlavis_wager
---   stephanie_pahlavis_final
ok    stephanie_pahlavis_final
---   stephanie_pahlavis_streak
ok    stephanie_pahlavis_streak
---   stephanie_pahlavis_comeback
ok    stephanie_pahlavis_comeback
---   stephanie_pahlavis_lead
ok    stephanie_pahlavis_lead
---   stephanie_pahlavis_win
ok    stephanie_pahlavis_win
---   stephanie_pahlavis_loss
ok    stephanie_pahlavis_loss
---   stephanie_pahlavis_leave
ok    stephanie_pahlavis_leave
---   stephanie_pahlavis_timeout
ok    stephanie_pahlavis_timeout
---   stephanie_pahlavis_lockout
ok    stephanie_pahlavis_lockout
---   stephanie_pahlavis_right_01_do_not_look_pleased
ok    stephanie_pahlavis_right_01_do_not_look_pleased
---   stephanie_pahlavis_right_02_somebody_did_the_reading
ok    stephanie_pahlavis_right_02_somebody_did_the_reading
---   stephanie_pahlavis_right_03_one_is_almost_impressed
ok    stephanie_pahlavis_right_03_one_is_almost_impressed
---   stephanie_pahlavis_right_04_a_stopped_clock
ok    stephanie_pahlavis_right_04_a_stopped_clock
---   stephanie_pahlavis_right_05_mark_that_down_grudgingly
ok    stephanie_pahlavis_right_05_mark_that_down_grudgingly
---   stephanie_pahlavis_right_06_a_mind_in_there
ok    stephanie_pahlavis_right_06_a_mind_in_there
---   stephanie_pahlavis_right_07_also_the_easy_one
ok    stephanie_pahlavis_right_07_also_the_easy_one
---   stephanie_pahlavis_right_08_stop_fidgeting
ok    stephanie_pahlavis_right_08_stop_fidgeting
---   stephanie_pahlavis_right_09_a_book_singular
ok    stephanie_pahlavis_right_09_a_book_singular
---   stephanie_pahlavis_right_10_a_long_way_up
ok    stephanie_pahlavis_right_10_a_long_way_up
---   stephanie_pahlavis_right_11_too_much_confidence
ok    stephanie_pahlavis_right_11_too_much_confidence
---   stephanie_pahlavis_right_12_i_had_money_on_it
ok    stephanie_pahlavis_right_12_i_had_money_on_it
---   stephanie_pahlavis_right_13_shall_i_get_you_a_sherry
ok    stephanie_pahlavis_right_13_shall_i_get_you_a_sherry
---   stephanie_pahlavis_right_14_your_tutor_would_be_surprised
ok    stephanie_pahlavis_right_14_your_tutor_would_be_surprised
---   stephanie_pahlavis_right_15_right_occasionally
ok    stephanie_pahlavis_right_15_right_occasionally
---   stephanie_pahlavis_right_16_it_rarely_visits
ok    stephanie_pahlavis_right_16_it_rarely_visits
---   stephanie_pahlavis_wrong_01_said_with_conviction
ok    stephanie_pahlavis_wrong_01_said_with_conviction
---   stephanie_pahlavis_wrong_02_one_admires_the_certainty
ok    stephanie_pahlavis_wrong_02_one_admires_the_certainty
---   stephanie_pahlavis_wrong_03_so_very_sure
ok    stephanie_pahlavis_wrong_03_so_very_sure
---   stephanie_pahlavis_wrong_04_considered_reading
ok    stephanie_pahlavis_wrong_04_considered_reading
---   stephanie_pahlavis_wrong_05_not_history_a_mood
ok    stephanie_pahlavis_wrong_05_not_history_a_mood
---   stephanie_pahlavis_wrong_06_confidently_though
ok    stephanie_pahlavis_wrong_06_confidently_though
---   stephanie_pahlavis_wrong_07_oh_dear_no
ok    stephanie_pahlavis_wrong_07_oh_dear_no
---   stephanie_pahlavis_wrong_08_your_seminar_group
ok    stephanie_pahlavis_wrong_08_your_seminar_group
---   stephanie_pahlavis_wrong_09_never_been_given
ok    stephanie_pahlavis_wrong_09_never_been_given
---   stephanie_pahlavis_wrong_10_hereditary
ok    stephanie_pahlavis_wrong_10_hereditary
---   stephanie_pahlavis_wrong_11_sit_with_it
ok    stephanie_pahlavis_wrong_11_sit_with_it
---   stephanie_pahlavis_wrong_12_pretend_we_did_not_hear
ok    stephanie_pahlavis_wrong_12_pretend_we_did_not_hear
---   stephanie_pahlavis_wrong_13_bold_baseless_and_brisk
ok    stephanie_pahlavis_wrong_13_bold_baseless_and_brisk
---   stephanie_pahlavis_wrong_14_a_publisher_is_weeping
ok    stephanie_pahlavis_wrong_14_a_publisher_is_weeping
---   stephanie_pahlavis_wrong_15_hoped_you_would_surprise_me
ok    stephanie_pahlavis_wrong_15_hoped_you_would_surprise_me
---   stephanie_pahlavis_wrong_16_do_not_explain_it
ok    stephanie_pahlavis_wrong_16_do_not_explain_it
BATCH_DONE
